<!DOCTYPE html>
<html >
<head>
<title>Home</title>
<meta name="og:title" content="Home">
<meta name="twitter:title" content="Home">
<meta name="description" content="Home page description">
<meta name="og:description" content="Home page description">
<meta name="twitter:description" content="Home page description">
</head>
<body >



</body>
</html>