<!DOCTYPE html>
<html >
<head>
<link rel="canonical" href="https://example.com">
</head>
<body >



</body>
</html>