<!DOCTYPE html>
<html >
<head>

</head>
<body class="class another-class" style="color: red; background: blue;">



</body>
</html>