<!DOCTYPE html>
<html >
<head>
<meta name="description" content="Test Description">
</head>
<body >



</body>
</html>