<!DOCTYPE html>
<html class="class" dir="ltr" id="id" lang="en" prefix="og: http://ogp.me/ns#" style="color: red;" translate="no" xmlns="http://www.w3.org/1999/xhtml">
<head>

</head>
<body >



</body>
</html>