<!DOCTYPE html>
<html >
<head>
<base href="https://example.com/" target="_blank">
</head>
<body >



</body>
</html>