<!DOCTYPE html>
<html class="class another-class" style="color: red; background: blue;">
<head>

</head>
<body >



</body>
</html>