<!DOCTYPE html>
<html >
<head>

</head>
<body class="another-class" style="background: blue;">



</body>
</html>