<!DOCTYPE html>
<html class="another-class" style="background: blue;">
<head>

</head>
<body >



</body>
</html>