<!DOCTYPE html>
<html >
<head>
<title>Home | PHP Head</title>
</head>
<body >



</body>
</html>